// Jest Snapshot v1, https://goo.gl/fbAQLP

exports[`<Header /> should render correctly with empty props 1`] = `ShallowWrapper {}`;
